user_id	transaction_id	sku	price	name
1	1	apple	10.0	Jonh
2	4	banana	20.0	Rebeca
